// Jest Snapshot v1, https://goo.gl/fbAQLP

exports[`filter sql currency should return the correct sql with currency filter predicates for eq operator 1`] = `"WITH recordsCTE AS (select TABLE_1_1 from TABLE_1 where TABLE_1_0 like 'UiApi\\\\%3A\\\\%3ARecordRepresentation%' ESCAPE '\\\\') SELECT json_set('{}', '$.data.uiapi.query.Account.edges', (SELECT json_group_array(json_set('{}', '$.node.Name.value', (json_extract(\\"Account.JSON\\", '$.data.fields.Name.value')), '$.node.AnnualRevenue.value', (json_extract(\\"Account.JSON\\", '$.data.fields.AnnualRevenue.value')), '$.node._drafts', (json_extract(\\"Account.JSON\\", '$.data.drafts')), '$.node.Id', (json_extract(\\"Account.JSON\\", '$.data.id')), '$.node._metadata', (json_extract(\\"Account.JSON\\", '$.metadata')) )) FROM (SELECT 'Account'.TABLE_1_1 as 'Account.JSON' FROM recordsCTE as 'Account'  WHERE ( json_extract(\\"Account.JSON\\", '$.data.fields.AnnualRevenue.value') = ? AND json_extract(\\"Account.JSON\\", '$.data.apiName') = 'Account' ) )) ) as json"`;

exports[`filter sql currency should return the correct sql with currency filter predicates for gt operator 1`] = `"WITH recordsCTE AS (select TABLE_1_1 from TABLE_1 where TABLE_1_0 like 'UiApi\\\\%3A\\\\%3ARecordRepresentation%' ESCAPE '\\\\') SELECT json_set('{}', '$.data.uiapi.query.Account.edges', (SELECT json_group_array(json_set('{}', '$.node.Name.value', (json_extract(\\"Account.JSON\\", '$.data.fields.Name.value')), '$.node.AnnualRevenue.value', (json_extract(\\"Account.JSON\\", '$.data.fields.AnnualRevenue.value')), '$.node._drafts', (json_extract(\\"Account.JSON\\", '$.data.drafts')), '$.node.Id', (json_extract(\\"Account.JSON\\", '$.data.id')), '$.node._metadata', (json_extract(\\"Account.JSON\\", '$.metadata')) )) FROM (SELECT 'Account'.TABLE_1_1 as 'Account.JSON' FROM recordsCTE as 'Account'  WHERE ( json_extract(\\"Account.JSON\\", '$.data.fields.AnnualRevenue.value') > ? AND json_extract(\\"Account.JSON\\", '$.data.apiName') = 'Account' ) )) ) as json"`;

exports[`filter sql currency should return the correct sql with currency filter predicates for gte operator 1`] = `"WITH recordsCTE AS (select TABLE_1_1 from TABLE_1 where TABLE_1_0 like 'UiApi\\\\%3A\\\\%3ARecordRepresentation%' ESCAPE '\\\\') SELECT json_set('{}', '$.data.uiapi.query.Account.edges', (SELECT json_group_array(json_set('{}', '$.node.Name.value', (json_extract(\\"Account.JSON\\", '$.data.fields.Name.value')), '$.node.AnnualRevenue.value', (json_extract(\\"Account.JSON\\", '$.data.fields.AnnualRevenue.value')), '$.node._drafts', (json_extract(\\"Account.JSON\\", '$.data.drafts')), '$.node.Id', (json_extract(\\"Account.JSON\\", '$.data.id')), '$.node._metadata', (json_extract(\\"Account.JSON\\", '$.metadata')) )) FROM (SELECT 'Account'.TABLE_1_1 as 'Account.JSON' FROM recordsCTE as 'Account'  WHERE ( json_extract(\\"Account.JSON\\", '$.data.fields.AnnualRevenue.value') >= ? AND json_extract(\\"Account.JSON\\", '$.data.apiName') = 'Account' ) )) ) as json"`;

exports[`filter sql currency should return the correct sql with currency filter predicates for in operator 1`] = `"WITH recordsCTE AS (select TABLE_1_1 from TABLE_1 where TABLE_1_0 like 'UiApi\\\\%3A\\\\%3ARecordRepresentation%' ESCAPE '\\\\') SELECT json_set('{}', '$.data.uiapi.query.Account.edges', (SELECT json_group_array(json_set('{}', '$.node.Name.value', (json_extract(\\"Account.JSON\\", '$.data.fields.Name.value')), '$.node.AnnualRevenue.value', (json_extract(\\"Account.JSON\\", '$.data.fields.AnnualRevenue.value')), '$.node._drafts', (json_extract(\\"Account.JSON\\", '$.data.drafts')), '$.node.Id', (json_extract(\\"Account.JSON\\", '$.data.id')), '$.node._metadata', (json_extract(\\"Account.JSON\\", '$.metadata')) )) FROM (SELECT 'Account'.TABLE_1_1 as 'Account.JSON' FROM recordsCTE as 'Account'  WHERE ( json_extract(\\"Account.JSON\\", '$.data.fields.AnnualRevenue.value') IN (?) AND json_extract(\\"Account.JSON\\", '$.data.apiName') = 'Account' ) )) ) as json"`;

exports[`filter sql currency should return the correct sql with currency filter predicates for lt operator 1`] = `"WITH recordsCTE AS (select TABLE_1_1 from TABLE_1 where TABLE_1_0 like 'UiApi\\\\%3A\\\\%3ARecordRepresentation%' ESCAPE '\\\\') SELECT json_set('{}', '$.data.uiapi.query.Account.edges', (SELECT json_group_array(json_set('{}', '$.node.Name.value', (json_extract(\\"Account.JSON\\", '$.data.fields.Name.value')), '$.node.AnnualRevenue.value', (json_extract(\\"Account.JSON\\", '$.data.fields.AnnualRevenue.value')), '$.node._drafts', (json_extract(\\"Account.JSON\\", '$.data.drafts')), '$.node.Id', (json_extract(\\"Account.JSON\\", '$.data.id')), '$.node._metadata', (json_extract(\\"Account.JSON\\", '$.metadata')) )) FROM (SELECT 'Account'.TABLE_1_1 as 'Account.JSON' FROM recordsCTE as 'Account'  WHERE ( json_extract(\\"Account.JSON\\", '$.data.fields.AnnualRevenue.value') < ? AND json_extract(\\"Account.JSON\\", '$.data.apiName') = 'Account' ) )) ) as json"`;

exports[`filter sql currency should return the correct sql with currency filter predicates for lte operator 1`] = `"WITH recordsCTE AS (select TABLE_1_1 from TABLE_1 where TABLE_1_0 like 'UiApi\\\\%3A\\\\%3ARecordRepresentation%' ESCAPE '\\\\') SELECT json_set('{}', '$.data.uiapi.query.Account.edges', (SELECT json_group_array(json_set('{}', '$.node.Name.value', (json_extract(\\"Account.JSON\\", '$.data.fields.Name.value')), '$.node.AnnualRevenue.value', (json_extract(\\"Account.JSON\\", '$.data.fields.AnnualRevenue.value')), '$.node._drafts', (json_extract(\\"Account.JSON\\", '$.data.drafts')), '$.node.Id', (json_extract(\\"Account.JSON\\", '$.data.id')), '$.node._metadata', (json_extract(\\"Account.JSON\\", '$.metadata')) )) FROM (SELECT 'Account'.TABLE_1_1 as 'Account.JSON' FROM recordsCTE as 'Account'  WHERE ( json_extract(\\"Account.JSON\\", '$.data.fields.AnnualRevenue.value') <= ? AND json_extract(\\"Account.JSON\\", '$.data.apiName') = 'Account' ) )) ) as json"`;

exports[`filter sql currency should return the correct sql with currency filter predicates for ne operator 1`] = `"WITH recordsCTE AS (select TABLE_1_1 from TABLE_1 where TABLE_1_0 like 'UiApi\\\\%3A\\\\%3ARecordRepresentation%' ESCAPE '\\\\') SELECT json_set('{}', '$.data.uiapi.query.Account.edges', (SELECT json_group_array(json_set('{}', '$.node.Name.value', (json_extract(\\"Account.JSON\\", '$.data.fields.Name.value')), '$.node.AnnualRevenue.value', (json_extract(\\"Account.JSON\\", '$.data.fields.AnnualRevenue.value')), '$.node._drafts', (json_extract(\\"Account.JSON\\", '$.data.drafts')), '$.node.Id', (json_extract(\\"Account.JSON\\", '$.data.id')), '$.node._metadata', (json_extract(\\"Account.JSON\\", '$.metadata')) )) FROM (SELECT 'Account'.TABLE_1_1 as 'Account.JSON' FROM recordsCTE as 'Account'  WHERE ( json_extract(\\"Account.JSON\\", '$.data.fields.AnnualRevenue.value') != ? AND json_extract(\\"Account.JSON\\", '$.data.apiName') = 'Account' ) )) ) as json"`;

exports[`filter sql currency should return the correct sql with currency filter predicates for nin operator 1`] = `"WITH recordsCTE AS (select TABLE_1_1 from TABLE_1 where TABLE_1_0 like 'UiApi\\\\%3A\\\\%3ARecordRepresentation%' ESCAPE '\\\\') SELECT json_set('{}', '$.data.uiapi.query.Account.edges', (SELECT json_group_array(json_set('{}', '$.node.Name.value', (json_extract(\\"Account.JSON\\", '$.data.fields.Name.value')), '$.node.AnnualRevenue.value', (json_extract(\\"Account.JSON\\", '$.data.fields.AnnualRevenue.value')), '$.node._drafts', (json_extract(\\"Account.JSON\\", '$.data.drafts')), '$.node.Id', (json_extract(\\"Account.JSON\\", '$.data.id')), '$.node._metadata', (json_extract(\\"Account.JSON\\", '$.metadata')) )) FROM (SELECT 'Account'.TABLE_1_1 as 'Account.JSON' FROM recordsCTE as 'Account'  WHERE ( json_extract(\\"Account.JSON\\", '$.data.fields.AnnualRevenue.value') NOT IN (?) AND json_extract(\\"Account.JSON\\", '$.data.apiName') = 'Account' ) )) ) as json"`;

exports[`filter sql multipicklist should return the correct sql with multipicklist filter predicates for eq operator 1`] = `"WITH recordsCTE AS (select TABLE_1_1 from TABLE_1 where TABLE_1_0 like 'UiApi\\\\%3A\\\\%3ARecordRepresentation%' ESCAPE '\\\\') SELECT json_set('{}', '$.data.uiapi.query.ServiceTerritory.edges', (SELECT json_group_array(json_set('{}', '$.node.Birds__c.value', (json_extract(\\"ServiceTerritory.JSON\\", '$.data.fields.Birds__c.value')), '$.node._drafts', (json_extract(\\"ServiceTerritory.JSON\\", '$.data.drafts')), '$.node.Id', (json_extract(\\"ServiceTerritory.JSON\\", '$.data.id')), '$.node._metadata', (json_extract(\\"ServiceTerritory.JSON\\", '$.metadata')) )) FROM (SELECT 'ServiceTerritory'.TABLE_1_1 as 'ServiceTerritory.JSON' FROM recordsCTE as 'ServiceTerritory'  WHERE ( json_extract(\\"ServiceTerritory.JSON\\", '$.data.fields.Birds__c.value') = ? AND json_extract(\\"ServiceTerritory.JSON\\", '$.data.apiName') = 'ServiceTerritory' ) )) ) as json"`;

exports[`filter sql multipicklist should return the correct sql with multipicklist filter predicates for excludes operator 1`] = `"WITH recordsCTE AS (select TABLE_1_1 from TABLE_1 where TABLE_1_0 like 'UiApi\\\\%3A\\\\%3ARecordRepresentation%' ESCAPE '\\\\') SELECT json_set('{}', '$.data.uiapi.query.ServiceTerritory.edges', (SELECT json_group_array(json_set('{}', '$.node.Birds__c.value', (json_extract(\\"ServiceTerritory.JSON\\", '$.data.fields.Birds__c.value')), '$.node._drafts', (json_extract(\\"ServiceTerritory.JSON\\", '$.data.drafts')), '$.node.Id', (json_extract(\\"ServiceTerritory.JSON\\", '$.data.id')), '$.node._metadata', (json_extract(\\"ServiceTerritory.JSON\\", '$.metadata')) )) FROM (SELECT 'ServiceTerritory'.TABLE_1_1 as 'ServiceTerritory.JSON' FROM recordsCTE as 'ServiceTerritory'  WHERE ( json_extract(\\"ServiceTerritory.JSON\\", '$.data.apiName') = 'ServiceTerritory' AND ( json_extract(\\"ServiceTerritory.JSON\\", '$.data.fields.Birds__c.value') NOT LIKE ? ) ) )) ) as json"`;

exports[`filter sql multipicklist should return the correct sql with multipicklist filter predicates for excludes operator with multiple terms 1`] = `"WITH recordsCTE AS (select TABLE_1_1 from TABLE_1 where TABLE_1_0 like 'UiApi\\\\%3A\\\\%3ARecordRepresentation%' ESCAPE '\\\\') SELECT json_set('{}', '$.data.uiapi.query.ServiceTerritory.edges', (SELECT json_group_array(json_set('{}', '$.node.Birds__c.value', (json_extract(\\"ServiceTerritory.JSON\\", '$.data.fields.Birds__c.value')), '$.node._drafts', (json_extract(\\"ServiceTerritory.JSON\\", '$.data.drafts')), '$.node.Id', (json_extract(\\"ServiceTerritory.JSON\\", '$.data.id')), '$.node._metadata', (json_extract(\\"ServiceTerritory.JSON\\", '$.metadata')) )) FROM (SELECT 'ServiceTerritory'.TABLE_1_1 as 'ServiceTerritory.JSON' FROM recordsCTE as 'ServiceTerritory'  WHERE ( json_extract(\\"ServiceTerritory.JSON\\", '$.data.apiName') = 'ServiceTerritory' AND ( json_extract(\\"ServiceTerritory.JSON\\", '$.data.fields.Birds__c.value') NOT LIKE ? OR json_extract(\\"ServiceTerritory.JSON\\", '$.data.fields.Birds__c.value') NOT LIKE ? ) ) )) ) as json"`;

exports[`filter sql multipicklist should return the correct sql with multipicklist filter predicates for includes operator 1`] = `"WITH recordsCTE AS (select TABLE_1_1 from TABLE_1 where TABLE_1_0 like 'UiApi\\\\%3A\\\\%3ARecordRepresentation%' ESCAPE '\\\\') SELECT json_set('{}', '$.data.uiapi.query.ServiceTerritory.edges', (SELECT json_group_array(json_set('{}', '$.node.Birds__c.value', (json_extract(\\"ServiceTerritory.JSON\\", '$.data.fields.Birds__c.value')), '$.node._drafts', (json_extract(\\"ServiceTerritory.JSON\\", '$.data.drafts')), '$.node.Id', (json_extract(\\"ServiceTerritory.JSON\\", '$.data.id')), '$.node._metadata', (json_extract(\\"ServiceTerritory.JSON\\", '$.metadata')) )) FROM (SELECT 'ServiceTerritory'.TABLE_1_1 as 'ServiceTerritory.JSON' FROM recordsCTE as 'ServiceTerritory'  WHERE ( json_extract(\\"ServiceTerritory.JSON\\", '$.data.apiName') = 'ServiceTerritory' AND ( json_extract(\\"ServiceTerritory.JSON\\", '$.data.fields.Birds__c.value') LIKE ? ) ) )) ) as json"`;

exports[`filter sql multipicklist should return the correct sql with multipicklist filter predicates for includes operator with multiple terms 1`] = `"WITH recordsCTE AS (select TABLE_1_1 from TABLE_1 where TABLE_1_0 like 'UiApi\\\\%3A\\\\%3ARecordRepresentation%' ESCAPE '\\\\') SELECT json_set('{}', '$.data.uiapi.query.ServiceTerritory.edges', (SELECT json_group_array(json_set('{}', '$.node.Birds__c.value', (json_extract(\\"ServiceTerritory.JSON\\", '$.data.fields.Birds__c.value')), '$.node._drafts', (json_extract(\\"ServiceTerritory.JSON\\", '$.data.drafts')), '$.node.Id', (json_extract(\\"ServiceTerritory.JSON\\", '$.data.id')), '$.node._metadata', (json_extract(\\"ServiceTerritory.JSON\\", '$.metadata')) )) FROM (SELECT 'ServiceTerritory'.TABLE_1_1 as 'ServiceTerritory.JSON' FROM recordsCTE as 'ServiceTerritory'  WHERE ( json_extract(\\"ServiceTerritory.JSON\\", '$.data.apiName') = 'ServiceTerritory' AND ( json_extract(\\"ServiceTerritory.JSON\\", '$.data.fields.Birds__c.value') LIKE ? OR json_extract(\\"ServiceTerritory.JSON\\", '$.data.fields.Birds__c.value') LIKE ? ) ) )) ) as json"`;

exports[`filter sql multipicklist should return the correct sql with multipicklist filter predicates for ne operator 1`] = `"WITH recordsCTE AS (select TABLE_1_1 from TABLE_1 where TABLE_1_0 like 'UiApi\\\\%3A\\\\%3ARecordRepresentation%' ESCAPE '\\\\') SELECT json_set('{}', '$.data.uiapi.query.ServiceTerritory.edges', (SELECT json_group_array(json_set('{}', '$.node.Birds__c.value', (json_extract(\\"ServiceTerritory.JSON\\", '$.data.fields.Birds__c.value')), '$.node._drafts', (json_extract(\\"ServiceTerritory.JSON\\", '$.data.drafts')), '$.node.Id', (json_extract(\\"ServiceTerritory.JSON\\", '$.data.id')), '$.node._metadata', (json_extract(\\"ServiceTerritory.JSON\\", '$.metadata')) )) FROM (SELECT 'ServiceTerritory'.TABLE_1_1 as 'ServiceTerritory.JSON' FROM recordsCTE as 'ServiceTerritory'  WHERE ( json_extract(\\"ServiceTerritory.JSON\\", '$.data.fields.Birds__c.value') != ? AND json_extract(\\"ServiceTerritory.JSON\\", '$.data.apiName') = 'ServiceTerritory' ) )) ) as json"`;

exports[`filter sql phone should return the correct sql with phone filter predicates for eq operator 1`] = `"WITH recordsCTE AS (select TABLE_1_1 from TABLE_1 where TABLE_1_0 like 'UiApi\\\\%3A\\\\%3ARecordRepresentation%' ESCAPE '\\\\') SELECT json_set('{}', '$.data.uiapi.query.User.edges', (SELECT json_group_array(json_set('{}', '$.node.Phone.value', (json_extract(\\"User.JSON\\", '$.data.fields.Phone.value')), '$.node._drafts', (json_extract(\\"User.JSON\\", '$.data.drafts')), '$.node.Id', (json_extract(\\"User.JSON\\", '$.data.id')), '$.node._metadata', (json_extract(\\"User.JSON\\", '$.metadata')) )) FROM (SELECT 'User'.TABLE_1_1 as 'User.JSON' FROM recordsCTE as 'User'  WHERE ( json_extract(\\"User.JSON\\", '$.data.fields.Phone.value') = ? AND json_extract(\\"User.JSON\\", '$.data.apiName') = 'User' ) )) ) as json"`;

exports[`filter sql phone should return the correct sql with phone filter predicates for gt operator 1`] = `"WITH recordsCTE AS (select TABLE_1_1 from TABLE_1 where TABLE_1_0 like 'UiApi\\\\%3A\\\\%3ARecordRepresentation%' ESCAPE '\\\\') SELECT json_set('{}', '$.data.uiapi.query.User.edges', (SELECT json_group_array(json_set('{}', '$.node.Phone.value', (json_extract(\\"User.JSON\\", '$.data.fields.Phone.value')), '$.node._drafts', (json_extract(\\"User.JSON\\", '$.data.drafts')), '$.node.Id', (json_extract(\\"User.JSON\\", '$.data.id')), '$.node._metadata', (json_extract(\\"User.JSON\\", '$.metadata')) )) FROM (SELECT 'User'.TABLE_1_1 as 'User.JSON' FROM recordsCTE as 'User'  WHERE ( json_extract(\\"User.JSON\\", '$.data.fields.Phone.value') > ? AND json_extract(\\"User.JSON\\", '$.data.apiName') = 'User' ) )) ) as json"`;

exports[`filter sql phone should return the correct sql with phone filter predicates for gte operator 1`] = `"WITH recordsCTE AS (select TABLE_1_1 from TABLE_1 where TABLE_1_0 like 'UiApi\\\\%3A\\\\%3ARecordRepresentation%' ESCAPE '\\\\') SELECT json_set('{}', '$.data.uiapi.query.User.edges', (SELECT json_group_array(json_set('{}', '$.node.Phone.value', (json_extract(\\"User.JSON\\", '$.data.fields.Phone.value')), '$.node._drafts', (json_extract(\\"User.JSON\\", '$.data.drafts')), '$.node.Id', (json_extract(\\"User.JSON\\", '$.data.id')), '$.node._metadata', (json_extract(\\"User.JSON\\", '$.metadata')) )) FROM (SELECT 'User'.TABLE_1_1 as 'User.JSON' FROM recordsCTE as 'User'  WHERE ( json_extract(\\"User.JSON\\", '$.data.fields.Phone.value') >= ? AND json_extract(\\"User.JSON\\", '$.data.apiName') = 'User' ) )) ) as json"`;

exports[`filter sql phone should return the correct sql with phone filter predicates for in operator 1`] = `"WITH recordsCTE AS (select TABLE_1_1 from TABLE_1 where TABLE_1_0 like 'UiApi\\\\%3A\\\\%3ARecordRepresentation%' ESCAPE '\\\\') SELECT json_set('{}', '$.data.uiapi.query.User.edges', (SELECT json_group_array(json_set('{}', '$.node.Phone.value', (json_extract(\\"User.JSON\\", '$.data.fields.Phone.value')), '$.node._drafts', (json_extract(\\"User.JSON\\", '$.data.drafts')), '$.node.Id', (json_extract(\\"User.JSON\\", '$.data.id')), '$.node._metadata', (json_extract(\\"User.JSON\\", '$.metadata')) )) FROM (SELECT 'User'.TABLE_1_1 as 'User.JSON' FROM recordsCTE as 'User'  WHERE ( json_extract(\\"User.JSON\\", '$.data.fields.Phone.value') IN (?, ?) AND json_extract(\\"User.JSON\\", '$.data.apiName') = 'User' ) )) ) as json"`;

exports[`filter sql phone should return the correct sql with phone filter predicates for like operator 1`] = `"WITH recordsCTE AS (select TABLE_1_1 from TABLE_1 where TABLE_1_0 like 'UiApi\\\\%3A\\\\%3ARecordRepresentation%' ESCAPE '\\\\') SELECT json_set('{}', '$.data.uiapi.query.User.edges', (SELECT json_group_array(json_set('{}', '$.node.Phone.value', (json_extract(\\"User.JSON\\", '$.data.fields.Phone.value')), '$.node._drafts', (json_extract(\\"User.JSON\\", '$.data.drafts')), '$.node.Id', (json_extract(\\"User.JSON\\", '$.data.id')), '$.node._metadata', (json_extract(\\"User.JSON\\", '$.metadata')) )) FROM (SELECT 'User'.TABLE_1_1 as 'User.JSON' FROM recordsCTE as 'User'  WHERE ( json_extract(\\"User.JSON\\", '$.data.fields.Phone.value') like ? AND json_extract(\\"User.JSON\\", '$.data.apiName') = 'User' ) )) ) as json"`;

exports[`filter sql phone should return the correct sql with phone filter predicates for lt operator 1`] = `"WITH recordsCTE AS (select TABLE_1_1 from TABLE_1 where TABLE_1_0 like 'UiApi\\\\%3A\\\\%3ARecordRepresentation%' ESCAPE '\\\\') SELECT json_set('{}', '$.data.uiapi.query.User.edges', (SELECT json_group_array(json_set('{}', '$.node.Phone.value', (json_extract(\\"User.JSON\\", '$.data.fields.Phone.value')), '$.node._drafts', (json_extract(\\"User.JSON\\", '$.data.drafts')), '$.node.Id', (json_extract(\\"User.JSON\\", '$.data.id')), '$.node._metadata', (json_extract(\\"User.JSON\\", '$.metadata')) )) FROM (SELECT 'User'.TABLE_1_1 as 'User.JSON' FROM recordsCTE as 'User'  WHERE ( json_extract(\\"User.JSON\\", '$.data.fields.Phone.value') < ? AND json_extract(\\"User.JSON\\", '$.data.apiName') = 'User' ) )) ) as json"`;

exports[`filter sql phone should return the correct sql with phone filter predicates for lte operator 1`] = `"WITH recordsCTE AS (select TABLE_1_1 from TABLE_1 where TABLE_1_0 like 'UiApi\\\\%3A\\\\%3ARecordRepresentation%' ESCAPE '\\\\') SELECT json_set('{}', '$.data.uiapi.query.User.edges', (SELECT json_group_array(json_set('{}', '$.node.Phone.value', (json_extract(\\"User.JSON\\", '$.data.fields.Phone.value')), '$.node._drafts', (json_extract(\\"User.JSON\\", '$.data.drafts')), '$.node.Id', (json_extract(\\"User.JSON\\", '$.data.id')), '$.node._metadata', (json_extract(\\"User.JSON\\", '$.metadata')) )) FROM (SELECT 'User'.TABLE_1_1 as 'User.JSON' FROM recordsCTE as 'User'  WHERE ( json_extract(\\"User.JSON\\", '$.data.fields.Phone.value') <= ? AND json_extract(\\"User.JSON\\", '$.data.apiName') = 'User' ) )) ) as json"`;

exports[`filter sql phone should return the correct sql with phone filter predicates for ne operator 1`] = `"WITH recordsCTE AS (select TABLE_1_1 from TABLE_1 where TABLE_1_0 like 'UiApi\\\\%3A\\\\%3ARecordRepresentation%' ESCAPE '\\\\') SELECT json_set('{}', '$.data.uiapi.query.User.edges', (SELECT json_group_array(json_set('{}', '$.node.Phone.value', (json_extract(\\"User.JSON\\", '$.data.fields.Phone.value')), '$.node._drafts', (json_extract(\\"User.JSON\\", '$.data.drafts')), '$.node.Id', (json_extract(\\"User.JSON\\", '$.data.id')), '$.node._metadata', (json_extract(\\"User.JSON\\", '$.metadata')) )) FROM (SELECT 'User'.TABLE_1_1 as 'User.JSON' FROM recordsCTE as 'User'  WHERE ( json_extract(\\"User.JSON\\", '$.data.fields.Phone.value') != ? AND json_extract(\\"User.JSON\\", '$.data.apiName') = 'User' ) )) ) as json"`;

exports[`filter sql phone should return the correct sql with phone filter predicates for nin operator 1`] = `"WITH recordsCTE AS (select TABLE_1_1 from TABLE_1 where TABLE_1_0 like 'UiApi\\\\%3A\\\\%3ARecordRepresentation%' ESCAPE '\\\\') SELECT json_set('{}', '$.data.uiapi.query.User.edges', (SELECT json_group_array(json_set('{}', '$.node.Phone.value', (json_extract(\\"User.JSON\\", '$.data.fields.Phone.value')), '$.node._drafts', (json_extract(\\"User.JSON\\", '$.data.drafts')), '$.node.Id', (json_extract(\\"User.JSON\\", '$.data.id')), '$.node._metadata', (json_extract(\\"User.JSON\\", '$.metadata')) )) FROM (SELECT 'User'.TABLE_1_1 as 'User.JSON' FROM recordsCTE as 'User'  WHERE ( json_extract(\\"User.JSON\\", '$.data.fields.Phone.value') NOT IN (?, ?) AND json_extract(\\"User.JSON\\", '$.data.apiName') = 'User' ) )) ) as json"`;

exports[`filter sql picklists should return the correct sql with Picklist filter predicates for IN operator 1`] = `"WITH recordsCTE AS (select TABLE_1_1 from TABLE_1 where TABLE_1_0 like 'UiApi\\\\%3A\\\\%3ARecordRepresentation%' ESCAPE '\\\\') SELECT json_set('{}', '$.data.uiapi.query.ServiceResource.edges', (SELECT json_group_array(json_set('{}', '$.node.ResourceType.value', (json_extract(\\"ServiceResource.JSON\\", '$.data.fields.ResourceType.value')), '$.node._drafts', (json_extract(\\"ServiceResource.JSON\\", '$.data.drafts')), '$.node.Id', (json_extract(\\"ServiceResource.JSON\\", '$.data.id')), '$.node._metadata', (json_extract(\\"ServiceResource.JSON\\", '$.metadata')) )) FROM (SELECT 'ServiceResource'.TABLE_1_1 as 'ServiceResource.JSON' FROM recordsCTE as 'ServiceResource'  WHERE ( json_extract(\\"ServiceResource.JSON\\", '$.data.fields.ResourceType.value') IN (?) AND json_extract(\\"ServiceResource.JSON\\", '$.data.apiName') = 'ServiceResource' ) )) ) as json"`;

exports[`filter sql picklists should return the correct sql with Picklist filter predicates for NIN operator 1`] = `"WITH recordsCTE AS (select TABLE_1_1 from TABLE_1 where TABLE_1_0 like 'UiApi\\\\%3A\\\\%3ARecordRepresentation%' ESCAPE '\\\\') SELECT json_set('{}', '$.data.uiapi.query.ServiceResource.edges', (SELECT json_group_array(json_set('{}', '$.node.ResourceType.value', (json_extract(\\"ServiceResource.JSON\\", '$.data.fields.ResourceType.value')), '$.node._drafts', (json_extract(\\"ServiceResource.JSON\\", '$.data.drafts')), '$.node.Id', (json_extract(\\"ServiceResource.JSON\\", '$.data.id')), '$.node._metadata', (json_extract(\\"ServiceResource.JSON\\", '$.metadata')) )) FROM (SELECT 'ServiceResource'.TABLE_1_1 as 'ServiceResource.JSON' FROM recordsCTE as 'ServiceResource'  WHERE ( json_extract(\\"ServiceResource.JSON\\", '$.data.fields.ResourceType.value') NOT IN (?) AND json_extract(\\"ServiceResource.JSON\\", '$.data.apiName') = 'ServiceResource' ) )) ) as json"`;

exports[`filter sql picklists should return the correct sql with Picklist filter predicates for eq operator 1`] = `"WITH recordsCTE AS (select TABLE_1_1 from TABLE_1 where TABLE_1_0 like 'UiApi\\\\%3A\\\\%3ARecordRepresentation%' ESCAPE '\\\\') SELECT json_set('{}', '$.data.uiapi.query.ServiceResource.edges', (SELECT json_group_array(json_set('{}', '$.node.ResourceType.value', (json_extract(\\"ServiceResource.JSON\\", '$.data.fields.ResourceType.value')), '$.node._drafts', (json_extract(\\"ServiceResource.JSON\\", '$.data.drafts')), '$.node.Id', (json_extract(\\"ServiceResource.JSON\\", '$.data.id')), '$.node._metadata', (json_extract(\\"ServiceResource.JSON\\", '$.metadata')) )) FROM (SELECT 'ServiceResource'.TABLE_1_1 as 'ServiceResource.JSON' FROM recordsCTE as 'ServiceResource'  WHERE ( json_extract(\\"ServiceResource.JSON\\", '$.data.fields.ResourceType.value') = ? AND json_extract(\\"ServiceResource.JSON\\", '$.data.apiName') = 'ServiceResource' ) )) ) as json"`;

exports[`filter sql picklists should return the correct sql with Picklist filter predicates for ne operator 1`] = `"WITH recordsCTE AS (select TABLE_1_1 from TABLE_1 where TABLE_1_0 like 'UiApi\\\\%3A\\\\%3ARecordRepresentation%' ESCAPE '\\\\') SELECT json_set('{}', '$.data.uiapi.query.ServiceResource.edges', (SELECT json_group_array(json_set('{}', '$.node.ResourceType.value', (json_extract(\\"ServiceResource.JSON\\", '$.data.fields.ResourceType.value')), '$.node._drafts', (json_extract(\\"ServiceResource.JSON\\", '$.data.drafts')), '$.node.Id', (json_extract(\\"ServiceResource.JSON\\", '$.data.id')), '$.node._metadata', (json_extract(\\"ServiceResource.JSON\\", '$.metadata')) )) FROM (SELECT 'ServiceResource'.TABLE_1_1 as 'ServiceResource.JSON' FROM recordsCTE as 'ServiceResource'  WHERE ( json_extract(\\"ServiceResource.JSON\\", '$.data.fields.ResourceType.value') != ? AND json_extract(\\"ServiceResource.JSON\\", '$.data.apiName') = 'ServiceResource' ) )) ) as json"`;

exports[`filter sql time should return the correct sql with time filter predicates for eq operator 1`] = `"WITH recordsCTE AS (select TABLE_1_1 from TABLE_1 where TABLE_1_0 like 'UiApi\\\\%3A\\\\%3ARecordRepresentation%' ESCAPE '\\\\') SELECT json_set('{}', '$.data.uiapi.query.BusinessHours.edges', (SELECT json_group_array(json_set('{}', '$.node.Name.value', (json_extract(\\"BusinessHours.JSON\\", '$.data.fields.Name.value')), '$.node.MondayStartTime.value', (json_extract(\\"BusinessHours.JSON\\", '$.data.fields.MondayStartTime.value')), '$.node._drafts', (json_extract(\\"BusinessHours.JSON\\", '$.data.drafts')), '$.node.Id', (json_extract(\\"BusinessHours.JSON\\", '$.data.id')), '$.node._metadata', (json_extract(\\"BusinessHours.JSON\\", '$.metadata')) )) FROM (SELECT 'BusinessHours'.TABLE_1_1 as 'BusinessHours.JSON' FROM recordsCTE as 'BusinessHours'  WHERE ( json_extract(\\"BusinessHours.JSON\\", '$.data.fields.MondayStartTime.value') = ? AND json_extract(\\"BusinessHours.JSON\\", '$.data.apiName') = 'BusinessHours' ) )) ) as json"`;

exports[`filter sql time should return the correct sql with time filter predicates for gt operator 1`] = `"WITH recordsCTE AS (select TABLE_1_1 from TABLE_1 where TABLE_1_0 like 'UiApi\\\\%3A\\\\%3ARecordRepresentation%' ESCAPE '\\\\') SELECT json_set('{}', '$.data.uiapi.query.BusinessHours.edges', (SELECT json_group_array(json_set('{}', '$.node.Name.value', (json_extract(\\"BusinessHours.JSON\\", '$.data.fields.Name.value')), '$.node.MondayStartTime.value', (json_extract(\\"BusinessHours.JSON\\", '$.data.fields.MondayStartTime.value')), '$.node._drafts', (json_extract(\\"BusinessHours.JSON\\", '$.data.drafts')), '$.node.Id', (json_extract(\\"BusinessHours.JSON\\", '$.data.id')), '$.node._metadata', (json_extract(\\"BusinessHours.JSON\\", '$.metadata')) )) FROM (SELECT 'BusinessHours'.TABLE_1_1 as 'BusinessHours.JSON' FROM recordsCTE as 'BusinessHours'  WHERE ( json_extract(\\"BusinessHours.JSON\\", '$.data.fields.MondayStartTime.value') > ? AND json_extract(\\"BusinessHours.JSON\\", '$.data.apiName') = 'BusinessHours' ) )) ) as json"`;

exports[`filter sql time should return the correct sql with time filter predicates for gte operator 1`] = `"WITH recordsCTE AS (select TABLE_1_1 from TABLE_1 where TABLE_1_0 like 'UiApi\\\\%3A\\\\%3ARecordRepresentation%' ESCAPE '\\\\') SELECT json_set('{}', '$.data.uiapi.query.BusinessHours.edges', (SELECT json_group_array(json_set('{}', '$.node.Name.value', (json_extract(\\"BusinessHours.JSON\\", '$.data.fields.Name.value')), '$.node.MondayStartTime.value', (json_extract(\\"BusinessHours.JSON\\", '$.data.fields.MondayStartTime.value')), '$.node._drafts', (json_extract(\\"BusinessHours.JSON\\", '$.data.drafts')), '$.node.Id', (json_extract(\\"BusinessHours.JSON\\", '$.data.id')), '$.node._metadata', (json_extract(\\"BusinessHours.JSON\\", '$.metadata')) )) FROM (SELECT 'BusinessHours'.TABLE_1_1 as 'BusinessHours.JSON' FROM recordsCTE as 'BusinessHours'  WHERE ( json_extract(\\"BusinessHours.JSON\\", '$.data.fields.MondayStartTime.value') >= ? AND json_extract(\\"BusinessHours.JSON\\", '$.data.apiName') = 'BusinessHours' ) )) ) as json"`;

exports[`filter sql time should return the correct sql with time filter predicates for in operator 1`] = `"WITH recordsCTE AS (select TABLE_1_1 from TABLE_1 where TABLE_1_0 like 'UiApi\\\\%3A\\\\%3ARecordRepresentation%' ESCAPE '\\\\') SELECT json_set('{}', '$.data.uiapi.query.BusinessHours.edges', (SELECT json_group_array(json_set('{}', '$.node.Name.value', (json_extract(\\"BusinessHours.JSON\\", '$.data.fields.Name.value')), '$.node.MondayStartTime.value', (json_extract(\\"BusinessHours.JSON\\", '$.data.fields.MondayStartTime.value')), '$.node._drafts', (json_extract(\\"BusinessHours.JSON\\", '$.data.drafts')), '$.node.Id', (json_extract(\\"BusinessHours.JSON\\", '$.data.id')), '$.node._metadata', (json_extract(\\"BusinessHours.JSON\\", '$.metadata')) )) FROM (SELECT 'BusinessHours'.TABLE_1_1 as 'BusinessHours.JSON' FROM recordsCTE as 'BusinessHours'  WHERE ( json_extract(\\"BusinessHours.JSON\\", '$.data.fields.MondayStartTime.value') IN (?, ?) AND json_extract(\\"BusinessHours.JSON\\", '$.data.apiName') = 'BusinessHours' ) )) ) as json"`;

exports[`filter sql time should return the correct sql with time filter predicates for lt operator 1`] = `"WITH recordsCTE AS (select TABLE_1_1 from TABLE_1 where TABLE_1_0 like 'UiApi\\\\%3A\\\\%3ARecordRepresentation%' ESCAPE '\\\\') SELECT json_set('{}', '$.data.uiapi.query.BusinessHours.edges', (SELECT json_group_array(json_set('{}', '$.node.Name.value', (json_extract(\\"BusinessHours.JSON\\", '$.data.fields.Name.value')), '$.node.MondayStartTime.value', (json_extract(\\"BusinessHours.JSON\\", '$.data.fields.MondayStartTime.value')), '$.node._drafts', (json_extract(\\"BusinessHours.JSON\\", '$.data.drafts')), '$.node.Id', (json_extract(\\"BusinessHours.JSON\\", '$.data.id')), '$.node._metadata', (json_extract(\\"BusinessHours.JSON\\", '$.metadata')) )) FROM (SELECT 'BusinessHours'.TABLE_1_1 as 'BusinessHours.JSON' FROM recordsCTE as 'BusinessHours'  WHERE ( json_extract(\\"BusinessHours.JSON\\", '$.data.fields.MondayStartTime.value') < ? AND json_extract(\\"BusinessHours.JSON\\", '$.data.apiName') = 'BusinessHours' ) )) ) as json"`;

exports[`filter sql time should return the correct sql with time filter predicates for lte operator 1`] = `"WITH recordsCTE AS (select TABLE_1_1 from TABLE_1 where TABLE_1_0 like 'UiApi\\\\%3A\\\\%3ARecordRepresentation%' ESCAPE '\\\\') SELECT json_set('{}', '$.data.uiapi.query.BusinessHours.edges', (SELECT json_group_array(json_set('{}', '$.node.Name.value', (json_extract(\\"BusinessHours.JSON\\", '$.data.fields.Name.value')), '$.node.MondayStartTime.value', (json_extract(\\"BusinessHours.JSON\\", '$.data.fields.MondayStartTime.value')), '$.node._drafts', (json_extract(\\"BusinessHours.JSON\\", '$.data.drafts')), '$.node.Id', (json_extract(\\"BusinessHours.JSON\\", '$.data.id')), '$.node._metadata', (json_extract(\\"BusinessHours.JSON\\", '$.metadata')) )) FROM (SELECT 'BusinessHours'.TABLE_1_1 as 'BusinessHours.JSON' FROM recordsCTE as 'BusinessHours'  WHERE ( json_extract(\\"BusinessHours.JSON\\", '$.data.fields.MondayStartTime.value') <= ? AND json_extract(\\"BusinessHours.JSON\\", '$.data.apiName') = 'BusinessHours' ) )) ) as json"`;

exports[`filter sql time should return the correct sql with time filter predicates for ne operator 1`] = `"WITH recordsCTE AS (select TABLE_1_1 from TABLE_1 where TABLE_1_0 like 'UiApi\\\\%3A\\\\%3ARecordRepresentation%' ESCAPE '\\\\') SELECT json_set('{}', '$.data.uiapi.query.BusinessHours.edges', (SELECT json_group_array(json_set('{}', '$.node.Name.value', (json_extract(\\"BusinessHours.JSON\\", '$.data.fields.Name.value')), '$.node.MondayStartTime.value', (json_extract(\\"BusinessHours.JSON\\", '$.data.fields.MondayStartTime.value')), '$.node._drafts', (json_extract(\\"BusinessHours.JSON\\", '$.data.drafts')), '$.node.Id', (json_extract(\\"BusinessHours.JSON\\", '$.data.id')), '$.node._metadata', (json_extract(\\"BusinessHours.JSON\\", '$.metadata')) )) FROM (SELECT 'BusinessHours'.TABLE_1_1 as 'BusinessHours.JSON' FROM recordsCTE as 'BusinessHours'  WHERE ( json_extract(\\"BusinessHours.JSON\\", '$.data.fields.MondayStartTime.value') != ? AND json_extract(\\"BusinessHours.JSON\\", '$.data.apiName') = 'BusinessHours' ) )) ) as json"`;

exports[`filter sql time should return the correct sql with time filter predicates for nin operator 1`] = `"WITH recordsCTE AS (select TABLE_1_1 from TABLE_1 where TABLE_1_0 like 'UiApi\\\\%3A\\\\%3ARecordRepresentation%' ESCAPE '\\\\') SELECT json_set('{}', '$.data.uiapi.query.BusinessHours.edges', (SELECT json_group_array(json_set('{}', '$.node.Name.value', (json_extract(\\"BusinessHours.JSON\\", '$.data.fields.Name.value')), '$.node.MondayStartTime.value', (json_extract(\\"BusinessHours.JSON\\", '$.data.fields.MondayStartTime.value')), '$.node._drafts', (json_extract(\\"BusinessHours.JSON\\", '$.data.drafts')), '$.node.Id', (json_extract(\\"BusinessHours.JSON\\", '$.data.id')), '$.node._metadata', (json_extract(\\"BusinessHours.JSON\\", '$.metadata')) )) FROM (SELECT 'BusinessHours'.TABLE_1_1 as 'BusinessHours.JSON' FROM recordsCTE as 'BusinessHours'  WHERE ( json_extract(\\"BusinessHours.JSON\\", '$.data.fields.MondayStartTime.value') NOT IN (?, ?) AND json_extract(\\"BusinessHours.JSON\\", '$.data.apiName') = 'BusinessHours' ) )) ) as json"`;
